/home/mi1ena/Downloads/vesc_ros2_ws/install/vesc_can_driver/lib/python3.12/site-packages/vesc_can_driver/__init__.py
/home/mi1ena/Downloads/vesc_ros2_ws/install/vesc_can_driver/lib/python3.12/site-packages/vesc_can_driver/vesc_can_node.py
/home/mi1ena/Downloads/vesc_ros2_ws/install/vesc_can_driver/lib/python3.12/site-packages/vesc_can_driver/waveshare_can.py
/home/mi1ena/Downloads/vesc_ros2_ws/install/vesc_can_driver/lib/python3.12/site-packages/vesc_can_driver/vesc_teleop_node.py
/home/mi1ena/Downloads/vesc_ros2_ws/install/vesc_can_driver/lib/python3.12/site-packages/vesc_can_driver/__pycache__/__init__.cpython-312.pyc
/home/mi1ena/Downloads/vesc_ros2_ws/install/vesc_can_driver/lib/python3.12/site-packages/vesc_can_driver/__pycache__/vesc_can_node.cpython-312.pyc
/home/mi1ena/Downloads/vesc_ros2_ws/install/vesc_can_driver/lib/python3.12/site-packages/vesc_can_driver/__pycache__/waveshare_can.cpython-312.pyc
/home/mi1ena/Downloads/vesc_ros2_ws/install/vesc_can_driver/lib/python3.12/site-packages/vesc_can_driver/__pycache__/vesc_teleop_node.cpython-312.pyc
/home/mi1ena/Downloads/vesc_ros2_ws/install/vesc_can_driver/share/ament_index/resource_index/packages/vesc_can_driver
/home/mi1ena/Downloads/vesc_ros2_ws/install/vesc_can_driver/share/vesc_can_driver/package.xml
/home/mi1ena/Downloads/vesc_ros2_ws/install/vesc_can_driver/share/vesc_can_driver/launch/vesc.launch.py
/home/mi1ena/Downloads/vesc_ros2_ws/install/vesc_can_driver/share/vesc_can_driver/launch/teleop.launch.py
/home/mi1ena/Downloads/vesc_ros2_ws/install/vesc_can_driver/share/vesc_can_driver/config/vesc_params.yaml
/home/mi1ena/Downloads/vesc_ros2_ws/install/vesc_can_driver/lib/python3.12/site-packages/vesc_can_driver-0.1.0-py3.12.egg-info/entry_points.txt
/home/mi1ena/Downloads/vesc_ros2_ws/install/vesc_can_driver/lib/python3.12/site-packages/vesc_can_driver-0.1.0-py3.12.egg-info/dependency_links.txt
/home/mi1ena/Downloads/vesc_ros2_ws/install/vesc_can_driver/lib/python3.12/site-packages/vesc_can_driver-0.1.0-py3.12.egg-info/top_level.txt
/home/mi1ena/Downloads/vesc_ros2_ws/install/vesc_can_driver/lib/python3.12/site-packages/vesc_can_driver-0.1.0-py3.12.egg-info/PKG-INFO
/home/mi1ena/Downloads/vesc_ros2_ws/install/vesc_can_driver/lib/python3.12/site-packages/vesc_can_driver-0.1.0-py3.12.egg-info/zip-safe
/home/mi1ena/Downloads/vesc_ros2_ws/install/vesc_can_driver/lib/python3.12/site-packages/vesc_can_driver-0.1.0-py3.12.egg-info/SOURCES.txt
/home/mi1ena/Downloads/vesc_ros2_ws/install/vesc_can_driver/lib/python3.12/site-packages/vesc_can_driver-0.1.0-py3.12.egg-info/requires.txt
/home/mi1ena/Downloads/vesc_ros2_ws/install/vesc_can_driver/lib/vesc_can_driver/vesc_can_node
/home/mi1ena/Downloads/vesc_ros2_ws/install/vesc_can_driver/lib/vesc_can_driver/vesc_teleop_node
