running egg_info
writing ../../build/vesc_can_driver/vesc_can_driver.egg-info/PKG-INFO
writing dependency_links to ../../build/vesc_can_driver/vesc_can_driver.egg-info/dependency_links.txt
writing entry points to ../../build/vesc_can_driver/vesc_can_driver.egg-info/entry_points.txt
writing requirements to ../../build/vesc_can_driver/vesc_can_driver.egg-info/requires.txt
writing top-level names to ../../build/vesc_can_driver/vesc_can_driver.egg-info/top_level.txt
reading manifest file '../../build/vesc_can_driver/vesc_can_driver.egg-info/SOURCES.txt'
writing manifest file '../../build/vesc_can_driver/vesc_can_driver.egg-info/SOURCES.txt'
running build
running build_py
copying vesc_can_driver/vesc_can_node.py -> /home/mi1ena/can-t_bus/vesc_ros2_ws/build/vesc_can_driver/build/lib/vesc_can_driver
copying vesc_can_driver/vesc_teleop_node.py -> /home/mi1ena/can-t_bus/vesc_ros2_ws/build/vesc_can_driver/build/lib/vesc_can_driver
running install
running install_lib
copying /home/mi1ena/can-t_bus/vesc_ros2_ws/build/vesc_can_driver/build/lib/vesc_can_driver/vesc_can_node.py -> /home/mi1ena/can-t_bus/vesc_ros2_ws/install/vesc_can_driver/lib/python3.12/site-packages/vesc_can_driver
copying /home/mi1ena/can-t_bus/vesc_ros2_ws/build/vesc_can_driver/build/lib/vesc_can_driver/vesc_teleop_node.py -> /home/mi1ena/can-t_bus/vesc_ros2_ws/install/vesc_can_driver/lib/python3.12/site-packages/vesc_can_driver
byte-compiling /home/mi1ena/can-t_bus/vesc_ros2_ws/install/vesc_can_driver/lib/python3.12/site-packages/vesc_can_driver/vesc_can_node.py to vesc_can_node.cpython-312.pyc
byte-compiling /home/mi1ena/can-t_bus/vesc_ros2_ws/install/vesc_can_driver/lib/python3.12/site-packages/vesc_can_driver/vesc_teleop_node.py to vesc_teleop_node.cpython-312.pyc
running install_data
running install_egg_info
removing '/home/mi1ena/can-t_bus/vesc_ros2_ws/install/vesc_can_driver/lib/python3.12/site-packages/vesc_can_driver-0.1.0-py3.12.egg-info' (and everything under it)
Copying ../../build/vesc_can_driver/vesc_can_driver.egg-info to /home/mi1ena/can-t_bus/vesc_ros2_ws/install/vesc_can_driver/lib/python3.12/site-packages/vesc_can_driver-0.1.0-py3.12.egg-info
running install_scripts
Installing vesc_can_node script to /home/mi1ena/can-t_bus/vesc_ros2_ws/install/vesc_can_driver/lib/vesc_can_driver
Installing vesc_teleop_node script to /home/mi1ena/can-t_bus/vesc_ros2_ws/install/vesc_can_driver/lib/vesc_can_driver
writing list of installed files to '/home/mi1ena/can-t_bus/vesc_ros2_ws/build/vesc_can_driver/install.log'
